###############################################################################
#
# IAR ELF Linker V3.10.1.201 for STM8                     12/Jun/2018  13:17:50
# Copyright 2010-2017 IAR Systems AB.
#
#    Output file  =  C:\Users\zwq\Desktop\router\project\Debug\Exe\router.out
#    Map file     =  C:\Users\zwq\Desktop\router\project\Debug\List\router.map
#    Command line =  
#        -f C:\Users\zwq\AppData\Local\Temp\EW615F.tmp
#        (C:\Users\zwq\Desktop\router\project\Debug\Obj\CW201x.o
#        C:\Users\zwq\Desktop\router\project\Debug\Obj\IIC.o
#        C:\Users\zwq\Desktop\router\project\Debug\Obj\main.o
#        C:\Users\zwq\Desktop\router\project\Debug\Obj\stm8l101_eval.o
#        C:\Users\zwq\Desktop\router\project\Debug\Obj\stm8l10x_clk.o
#        C:\Users\zwq\Desktop\router\project\Debug\Obj\stm8l10x_gpio.o
#        C:\Users\zwq\Desktop\router\project\Debug\Obj\stm8l10x_it.o
#        C:\Users\zwq\Desktop\router\project\Debug\Obj\stm8l10x_usart.o
#        --redirect _Printf=_PrintfFullNoMb --redirect _Scanf=_ScanfFullNoMb -o
#        C:\Users\zwq\Desktop\router\project\Debug\Exe\router.out --map
#        C:\Users\zwq\Desktop\router\project\Debug\List\router.map --config
#        "C:\Program Files (x86)\IAR Systems\Embedded Workbench
#        8.0\stm8\config\lnkstm8l101f3.icf" --config_def _CSTACK_SIZE=0x100
#        --config_def _HEAP_SIZE=0x100 --entry __iar_program_start --debug_lib)
#
###############################################################################

*******************************************************************************
*** RUNTIME MODEL ATTRIBUTES
***

__SystemLibrary            = DLib
__code_model               = small
__core                     = stm8
__data_model               = medium
__dlib_file_descriptor     = 0
__dlib_full_locale_support = 0
__rt_version               = 4


*******************************************************************************
*** PLACEMENT SUMMARY
***

"A0":  place at start of [0x000000-0x0000ff] { rw section .vregs };
"A1":  place at end of [0x000000-0x0005ff] { block CSTACK };
"P2":  place in [from 0x000000 to 0x0005ff] {
          block HEAP, rw section __DLIB_PERTHREAD, rw section .far.bss,
          rw section .far.data, rw section .far.noinit,
          rw section .far_func.textrw, rw section .huge.bss,
          rw section .huge.data, rw section .huge.noinit,
          rw section .huge_func.textrw, rw section .iar.dynexit,
          rw section .near.bss, rw section .near.data, rw section .near.noinit,
          rw section .near_func.textrw };
"A2":  place at start of [0x008000-0x009fff] { block INTVEC };
"P3":  place in [from 0x008000 to 0x009fff] {
          ro section __DLIB_PERTHREAD_init, ro section .far.data_init,
          ro section .far_func.textrw_init, ro section .huge.data_init,
          ro section .huge_func.textrw_init, ro section .iar.init_table,
          ro section .init_array, ro section .near.data_init,
          ro section .near.rodata, ro section .near_func.text,
          ro section .near_func.textrw_init, ro section .tiny.data_init,
          ro section .tiny.rodata_init };
"P4":  place in [from 0x008000 to 0x009fff] {
          ro section .far.rodata, ro section .far_func.text };
"P5":  place in [from 0x008000 to 0x009fff] {
          ro section .huge.rodata, ro section .huge_func.text };
do not initialize {
   rw section .far.noinit, rw section .huge.noinit, rw section .near.noinit,
   rw section .tiny.noinit, rw section .vregs };
initialize by copy {
   rw section .far.bss, rw section .far.data, rw section .far_func.textrw,
   rw section .huge.bss, rw section .huge.data, rw section .huge_func.textrw,
   rw section .iar.dynexit, rw section .near.bss, rw section .near.data,
   rw section .near_func.textrw, rw section .tiny.bss, rw section .tiny.data,
   ro section .tiny.rodata };

  Section            Kind      Address   Size  Object
  -------            ----      -------   ----  ------
"A0":                                    0x10
  .vregs             uninit   0x000000   0x10  vregs.o [4]
                            - 0x000010   0x10

"P2":                                    0x48
  P2-1                        0x000010   0x48  <Init block>
    .near.data       inited   0x000010   0x40  CW201x.o [1]
    .near.bss        inited   0x000050    0x1  CW201x.o [1]
    .near.bss        inited   0x000051    0x1  CW201x.o [1]
    .near.bss        inited   0x000052    0x6  CW201x.o [1]
                            - 0x000058   0x48

"A1":                                   0x100
  CSTACK                      0x000500  0x100  <Block>
    CSTACK           uninit   0x000500  0x100  <Block tail>
                            - 0x000600  0x100

"A2":                                    0x80
  INTVEC                      0x008000   0x80  <Block>
    .intvec          const    0x008000   0x80  interrupt.o [4]
                            - 0x008080   0x80

"P3-P5":                                0xe66
  .near_func.text    ro code  0x008080  0x13a  long.o [4]
  .near_func.text    ro code  0x0081ba  0x10e  stm8l10x_usart.o [1]
  .near_func.text    ro code  0x0082c8  0x109  CW201x.o [1]
  .near_func.text    ro code  0x0083d1  0x101  stm8l10x_gpio.o [1]
  .near_func.text    ro code  0x0084d2   0xee  CW201x.o [1]
  .near_func.text    ro code  0x0085c0   0xc5  CW201x.o [1]
  .near_func.text    ro code  0x008685   0xbf  IIC.o [1]
  .near_func.text    ro code  0x008744   0xab  vreg_util.o [4]
  .near_func.text    ro code  0x0087ef   0x86  main.o [1]
  .near_func.text    ro code  0x008875   0x67  IIC.o [1]
  .near_func.text    ro code  0x0088dc   0x5c  stm8l10x_gpio.o [1]
  .near_func.text    ro code  0x008938   0x59  CW201x.o [1]
  .near_func.text    ro code  0x008991   0x58  main.o [1]
  .near_func.text    ro code  0x0089e9   0x56  stm8l10x_clk.o [1]
  .near_func.text    ro code  0x008a3f   0x52  CW201x.o [1]
  Initializer bytes  const    0x008a91   0x48  <for P2-1>
  .near_func.text    ro code  0x008ad9   0x44  IIC.o [1]
  .near_func.text    ro code  0x008b1d   0x3b  IIC.o [1]
  .near_func.text    ro code  0x008b58   0x3a  stm8l10x_clk.o [1]
  .near_func.text    ro code  0x008b92   0x39  IIC.o [1]
  .near_func.text    ro code  0x008bcb   0x37  CW201x.o [1]
  .near_func.text    ro code  0x008c02   0x36  IIC.o [1]
  .near_func.text    ro code  0x008c38   0x35  stm8l10x_clk.o [1]
  .near_func.text    ro code  0x008c6d   0x33  main.o [1]
  .near_func.text    ro code  0x008ca0   0x32  CW201x.o [1]
  .near.rodata       const    0x008cd2   0x31  stm8l10x_usart.o [1]
  .near.rodata       const    0x008d03   0x30  stm8l10x_gpio.o [1]
  .near.rodata       const    0x008d33   0x2f  stm8l10x_clk.o [1]
  .near_func.text    ro code  0x008d62   0x28  init_small.o [4]
  .near_func.text    ro code  0x008d8a   0x27  CW201x.o [1]
  .near_func.text    ro code  0x008db1   0x25  dc_util.o [4]
  .near_func.text    ro code  0x008dd6   0x21  stm8l10x_usart.o [1]
  .iar.init_table    const    0x008df7    0xa  - Linker created -
  .near_func.text    ro code  0x008e01   0x18  CW201x.o [1]
  .near_func.text    ro code  0x008e19   0x18  long_util.o [4]
  .near_func.text    ro code  0x008e31   0x15  CW201x.o [1]
  .near_func.text    ro code  0x008e46   0x14  init.o [4]
  .near_func.text    ro code  0x008e5a   0x14  __dbg_xxexit.o [3]
  .near_func.text    ro code  0x008e6e   0x13  cstartup.o [4]
  .near_func.text    ro code  0x008e81   0x10  main.o [1]
  .near_func.text    ro code  0x008e91    0xd  move.o [4]
  .near_func.text    ro code  0x008e9e    0x7  stm8l10x_gpio.o [1]
  .near_func.text    ro code  0x008ea5    0x7  stm8l10x_gpio.o [1]
  .near_func.text    ro code  0x008eac    0x5  short.o [4]
  .near_func.text    ro code  0x008eb1    0x5  cexit.o [4]
  .near.rodata       const    0x008eb6    0x4  stm8l10x_clk.o [1]
  .near_func.text    ro code  0x008eba    0x4  stm8l10x_gpio.o [1]
  .near_func.text    ro code  0x008ebe    0x3  interrupt.o [4]
  .near_func.text    ro code  0x008ec1    0x3  low_level_init.o [4]
  .near_func.text    ro code  0x008ec4    0x3  exit.o [4]
  .near_func.text    ro code  0x008ec7    0x3  unhandled_exception.o [4]
  .near.rodata       const    0x008eca    0x2  CW201x.o [1]
  .near_func.text    ro code  0x008ecc    0x2  main.o [1]
  .near_func.text    ro code  0x008ece    0x1  stm8l10x_it.o [1]
  .near_func.text    ro code  0x008ecf    0x1  stm8l10x_it.o [1]
  .near_func.text    ro code  0x008ed0    0x1  stm8l10x_it.o [1]
  .near_func.text    ro code  0x008ed1    0x1  stm8l10x_it.o [1]
  .near_func.text    ro code  0x008ed2    0x1  stm8l10x_it.o [1]
  .near_func.text    ro code  0x008ed3    0x1  stm8l10x_it.o [1]
  .near_func.text    ro code  0x008ed4    0x1  stm8l10x_it.o [1]
  .near_func.text    ro code  0x008ed5    0x1  stm8l10x_it.o [1]
  .near_func.text    ro code  0x008ed6    0x1  stm8l10x_it.o [1]
  .near_func.text    ro code  0x008ed7    0x1  stm8l10x_it.o [1]
  .near_func.text    ro code  0x008ed8    0x1  stm8l10x_it.o [1]
  .near_func.text    ro code  0x008ed9    0x1  stm8l10x_it.o [1]
  .near_func.text    ro code  0x008eda    0x1  stm8l10x_it.o [1]
  .near_func.text    ro code  0x008edb    0x1  stm8l10x_it.o [1]
  .near_func.text    ro code  0x008edc    0x1  stm8l10x_it.o [1]
  .near_func.text    ro code  0x008edd    0x1  stm8l10x_it.o [1]
  .near_func.text    ro code  0x008ede    0x1  stm8l10x_it.o [1]
  .near_func.text    ro code  0x008edf    0x1  stm8l10x_it.o [1]
  .near_func.text    ro code  0x008ee0    0x1  stm8l10x_it.o [1]
  .near_func.text    ro code  0x008ee1    0x1  stm8l10x_it.o [1]
  .near_func.text    ro code  0x008ee2    0x1  stm8l10x_it.o [1]
  .near_func.text    ro code  0x008ee3    0x1  stm8l10x_it.o [1]
  .near_func.text    ro code  0x008ee4    0x1  stm8l10x_it.o [1]
  .near_func.text    ro code  0x008ee5    0x1  __dbg_break.o [3]
                            - 0x008ee6  0xe66


*******************************************************************************
*** INIT TABLE
***

          Address   Size
          -------   ----
Copy (__iar_copy_init2)
    1 source range, total size 0x48:
          0x008a91  0x48
    1 destination range, total size 0x48:
          0x000010  0x48



*******************************************************************************
*** MODULE SUMMARY
***

    Module                 ro code  ro data  rw data
    ------                 -------  -------  -------
C:\Users\zwq\Desktop\router\project\Debug\Obj: [1]
    CW201x.o                 1 060       74       72
    IIC.o                      532
    main.o                     291
    stm8l10x_clk.o             197       51
    stm8l10x_gpio.o            367       48
    stm8l10x_it.o               23
    stm8l10x_usart.o           303       49
    ------------------------------------------------
    Total:                   2 773      222       72

command line: [2]
    ------------------------------------------------
    Total:

dbgstm8smd.a: [3]
    __dbg_break.o                1
    __dbg_xxexit.o              20
    ------------------------------------------------
    Total:                      21

dlstm8smn.a: [4]
    cexit.o                      5
    cstartup.o                  19
    dc_util.o                   37
    exit.o                       3
    init.o                      20
    init_small.o                40
    interrupt.o                  3      128
    long.o                     314
    long_util.o                 24
    low_level_init.o             3
    move.o                      13
    short.o                      5
    unhandled_exception.o        3
    vreg_util.o                171
    vregs.o                                       16
    ------------------------------------------------
    Total:                     660      128       16

    Linker created                       10      256
----------------------------------------------------
    Grand Total:             3 454      360      344


*******************************************************************************
*** ENTRY LIST
***

Entry                    Address   Size  Type      Object
-----                    -------   ----  ----      ------
.iar.init_table$$Base   0x008df7          --   Gb  - Linker created -
.iar.init_table$$Limit  0x008e01          --   Gb  - Linker created -
?add32_l0_l0_0x         0x008088         Code  Gb  long.o [4]
?add32_l0_l0_dl         0x008080         Code  Gb  long.o [4]
?add32_l0_l0_l1         0x008085         Code  Gb  long.o [4]
?b0                     0x000000         Data  Gb  vregs.o [4]
?b1                     0x000001         Data  Gb  vregs.o [4]
?b10                    0x00000a         Data  Gb  vregs.o [4]
?b11                    0x00000b         Data  Gb  vregs.o [4]
?b12                    0x00000c         Data  Gb  vregs.o [4]
?b13                    0x00000d         Data  Gb  vregs.o [4]
?b14                    0x00000e         Data  Gb  vregs.o [4]
?b15                    0x00000f         Data  Gb  vregs.o [4]
?b2                     0x000002         Data  Gb  vregs.o [4]
?b3                     0x000003         Data  Gb  vregs.o [4]
?b4                     0x000004         Data  Gb  vregs.o [4]
?b5                     0x000005         Data  Gb  vregs.o [4]
?b6                     0x000006         Data  Gb  vregs.o [4]
?b7                     0x000007         Data  Gb  vregs.o [4]
?b8                     0x000008         Data  Gb  vregs.o [4]
?b9                     0x000009         Data  Gb  vregs.o [4]
?dc32_l0                0x008db1         Code  Gb  dc_util.o [4]
?dc32_l1                0x008dbe         Code  Gb  dc_util.o [4]
?dc32_px                0x008dcb         Code  Gb  dc_util.o [4]
?e0                     0x000001         Data  Gb  vregs.o [4]
?e1                     0x000005         Data  Gb  vregs.o [4]
?e2                     0x000009         Data  Gb  vregs.o [4]
?e3                     0x00000d         Data  Gb  vregs.o [4]
?epilogue_l2            0x0087b3         Code  Gb  vreg_util.o [4]
?epilogue_l2_l3         0x0087b0         Code  Gb  vreg_util.o [4]
?epilogue_w4            0x0087b7         Code  Gb  vreg_util.o [4]
?l0                     0x000000         Data  Gb  vregs.o [4]
?l1                     0x000004         Data  Gb  vregs.o [4]
?l2                     0x000008         Data  Gb  vregs.o [4]
?l3                     0x00000c         Data  Gb  vregs.o [4]
?load32_l0_0x           0x008e19         Code  Gb  long_util.o [4]
?load32_l1_0x           0x008e25         Code  Gb  long_util.o [4]
?mov_e0_e2              0x0087be         Code  Gb  vreg_util.o [4]
?mov_e1_e2              0x0087cb         Code  Gb  vreg_util.o [4]
?mov_e1_e3              0x0087d8         Code  Gb  vreg_util.o [4]
?mov_e2_e0              0x0087e5         Code  Gb  vreg_util.o [4]
?mov_l0_l2              0x0087bb         Code  Gb  vreg_util.o [4]
?mov_l1_l2              0x0087c8         Code  Gb  vreg_util.o [4]
?mov_l1_l3              0x0087d5         Code  Gb  vreg_util.o [4]
?mov_l2_l0              0x0087e2         Code  Gb  vreg_util.o [4]
?mov_w1_w5              0x0087c1         Code  Gb  vreg_util.o [4]
?mov_w3_w5              0x0087ce         Code  Gb  vreg_util.o [4]
?mov_w3_w7              0x0087db         Code  Gb  vreg_util.o [4]
?mov_w5_w1              0x0087e8         Code  Gb  vreg_util.o [4]
?move1616_v_x_y_a       0x008e91         Code  Gb  move.o [4]
?mul32_l0_l0_0x         0x0080be         Code  Gb  long.o [4]
?mul32_l0_l0_dl         0x0080bb         Code  Gb  long.o [4]
?mul32_l0_l0_l1         0x0080c7         Code  Gb  long.o [4]
?pop_l2                 0x008792         Code  Gb  vreg_util.o [4]
?pop_l3                 0x00879d         Code  Gb  vreg_util.o [4]
?pop_w4                 0x00875c         Code  Gb  vreg_util.o [4]
?push_l2                0x00876b         Code  Gb  vreg_util.o [4]
?push_l3                0x008770         Code  Gb  vreg_util.o [4]
?push_w4                0x008744         Code  Gb  vreg_util.o [4]
?srl16_x_x_4            0x008eac         Code  Gb  short.o [4]
?sub32_l0_l0_0x         0x0080a3         Code  Gb  long.o [4]
?sub32_l0_l0_l1         0x0080a0         Code  Gb  long.o [4]
?udiv32_l0_dl_l1        0x008145         Code  Gb  long.o [4]
?udiv32_l0_l0_dl        0x00814a         Code  Gb  long.o [4]
?udiv32_l0_l0_l1        0x00814d         Code  Gb  long.o [4]
?umod32_l1_l0_l1        0x00814d         Code  Gb  long.o [4]
?w0                     0x000000         Data  Gb  vregs.o [4]
?w1                     0x000002         Data  Gb  vregs.o [4]
?w2                     0x000004         Data  Gb  vregs.o [4]
?w3                     0x000006         Data  Gb  vregs.o [4]
?w4                     0x000008         Data  Gb  vregs.o [4]
?w5                     0x00000a         Data  Gb  vregs.o [4]
?w6                     0x00000c         Data  Gb  vregs.o [4]
?w7                     0x00000e         Data  Gb  vregs.o [4]
AWU_IRQHandler          0x008ed0    0x1  Code  Gb  stm8l10x_it.o [1]
CHARGE                  0x000050    0x1  Data  Gb  CW201x.o [1]
CLK_GetClockFreq        0x008c38   0x35  Code  Gb  stm8l10x_clk.o [1]
CLK_MasterPrescalerConfig
                        0x008b58   0x3a  Code  Gb  stm8l10x_clk.o [1]
CLK_PeripheralClockConfig
                        0x0089e9   0x56  Code  Gb  stm8l10x_clk.o [1]
COMP_IRQHandler         0x008edb    0x1  Code  Gb  stm8l10x_it.o [1]
CSTACK$$Base            0x000500          --   Gb  - Linker created -
CSTACK$$Limit           0x000600          --   Gb  - Linker created -
CW_Delay100us           0x008e31   0x15  Code  Gb  CW201x.o [1]
CW_Delay10ms            0x008d8a   0x27  Code  Gb  CW201x.o [1]
Delay                   0x008e81   0x10  Code  Gb  main.o [1]
EXTI0_IRQHandler        0x008ed3    0x1  Code  Gb  stm8l10x_it.o [1]
EXTI1_IRQHandler        0x008ed4    0x1  Code  Gb  stm8l10x_it.o [1]
EXTI2_IRQHandler        0x008ed5    0x1  Code  Gb  stm8l10x_it.o [1]
EXTI3_IRQHandler        0x008ed6    0x1  Code  Gb  stm8l10x_it.o [1]
EXTI4_IRQHandler        0x008ed7    0x1  Code  Gb  stm8l10x_it.o [1]
EXTI5_IRQHandler        0x008ed8    0x1  Code  Gb  stm8l10x_it.o [1]
EXTI6_IRQHandler        0x008ed9    0x1  Code  Gb  stm8l10x_it.o [1]
EXTI7_IRQHandler        0x008eda    0x1  Code  Gb  stm8l10x_it.o [1]
EXTIB_IRQHandler        0x008ed1    0x1  Code  Gb  stm8l10x_it.o [1]
EXTID_IRQHandler        0x008ed2    0x1  Code  Gb  stm8l10x_it.o [1]
FLASH_IRQHandler        0x008ecf    0x1  Code  Gb  stm8l10x_it.o [1]
GPIO_ExternalPullUpConfig
                        0x0088dc   0x5c  Code  Gb  stm8l10x_gpio.o [1]
GPIO_Init               0x0083d1  0x101  Code  Gb  stm8l10x_gpio.o [1]
GPIO_ResetBits          0x008eba    0x4  Code  Gb  stm8l10x_gpio.o [1]
GPIO_SetBits            0x008e9e    0x7  Code  Gb  stm8l10x_gpio.o [1]
GPIO_ToggleBits         0x008ea5    0x7  Code  Gb  stm8l10x_gpio.o [1]
HSIDivFactor            0x008eb6    0x4  Data  Gb  stm8l10x_clk.o [1]
I2C_IRQHandler          0x008ee4    0x1  Code  Gb  stm8l10x_it.o [1]
INTVEC$$Base            0x008000          --   Gb  - Linker created -
INTVEC$$Limit           0x008080          --   Gb  - Linker created -
Region$$Table$$Base     0x008df7          --   Gb  - Linker created -
Region$$Table$$Limit    0x008e01          --   Gb  - Linker created -
SPI_IRQHandler          0x008ee1    0x1  Code  Gb  stm8l10x_it.o [1]
TIM2_CAP_IRQHandler     0x008edd    0x1  Code  Gb  stm8l10x_it.o [1]
TIM2_UPD_OVF_TRG_BRK_IRQHandler
                        0x008edc    0x1  Code  Gb  stm8l10x_it.o [1]
TIM3_CAP_IRQHandler     0x008edf    0x1  Code  Gb  stm8l10x_it.o [1]
TIM3_UPD_OVF_TRG_BRK_IRQHandler
                        0x008ede    0x1  Code  Gb  stm8l10x_it.o [1]
TIM4_UPD_OVF_IRQHandler
                        0x008ee0    0x1  Code  Gb  stm8l10x_it.o [1]
TRAP_IRQHandler         0x008ece    0x1  Code  Gb  stm8l10x_it.o [1]
USART_Config            0x008c6d   0x33  Code  Lc  main.o [1]
USART_DeInit            0x008dd6   0x21  Code  Gb  stm8l10x_usart.o [1]
USART_Init              0x0081ba  0x10e  Code  Gb  stm8l10x_usart.o [1]
USART_RX_IRQHandler     0x008ee3    0x1  Code  Gb  stm8l10x_it.o [1]
USART_TX_IRQHandler     0x008ee2    0x1  Code  Gb  stm8l10x_it.o [1]
__DebugBreak            0x008ee5    0x1  Code  Gb  __dbg_break.o [3]
__exit                  0x008e5a   0x14  Code  Gb  __dbg_xxexit.o [3]
__iar_copy_init2        0x008d62         Code  Gb  init_small.o [4]
__iar_data_init2        0x008e46   0x14  Code  Gb  init.o [4]
__iar_program_start     0x008e6e         Code  Gb  cstartup.o [4]
__iar_unhandled_exception
                        0x008ec7         Code  Gb  unhandled_exception.o [4]
__intvec                0x008000         Data  Gb  interrupt.o [4]
__low_level_init        0x008ec1    0x3  Code  Gb  low_level_init.o [4]
_exit                   0x008eb1         Code  Gb  cexit.o [4]
_interrupt_1            0x008ece         Code  Gb  stm8l10x_it.o [1]
_interrupt_10           0x008ed3         Code  Gb  stm8l10x_it.o [1]
_interrupt_11           0x008ed4         Code  Gb  stm8l10x_it.o [1]
_interrupt_12           0x008ed5         Code  Gb  stm8l10x_it.o [1]
_interrupt_13           0x008ed6         Code  Gb  stm8l10x_it.o [1]
_interrupt_14           0x008ed7         Code  Gb  stm8l10x_it.o [1]
_interrupt_15           0x008ed8         Code  Gb  stm8l10x_it.o [1]
_interrupt_16           0x008ed9         Code  Gb  stm8l10x_it.o [1]
_interrupt_17           0x008eda         Code  Gb  stm8l10x_it.o [1]
_interrupt_20           0x008edb         Code  Gb  stm8l10x_it.o [1]
_interrupt_21           0x008edc         Code  Gb  stm8l10x_it.o [1]
_interrupt_22           0x008edd         Code  Gb  stm8l10x_it.o [1]
_interrupt_23           0x008ede         Code  Gb  stm8l10x_it.o [1]
_interrupt_24           0x008edf         Code  Gb  stm8l10x_it.o [1]
_interrupt_27           0x008ee0         Code  Gb  stm8l10x_it.o [1]
_interrupt_28           0x008ee1         Code  Gb  stm8l10x_it.o [1]
_interrupt_29           0x008ee2         Code  Gb  stm8l10x_it.o [1]
_interrupt_3            0x008ecf         Code  Gb  stm8l10x_it.o [1]
_interrupt_30           0x008ee3         Code  Gb  stm8l10x_it.o [1]
_interrupt_31           0x008ee4         Code  Gb  stm8l10x_it.o [1]
_interrupt_6            0x008ed0         Code  Gb  stm8l10x_it.o [1]
_interrupt_8            0x008ed1         Code  Gb  stm8l10x_it.o [1]
_interrupt_9            0x008ed2         Code  Gb  stm8l10x_it.o [1]
assert_failed           0x008ecc    0x2  Code  Gb  main.o [1]
cw_bat                  0x000052    0x6  Data  Gb  CW201x.o [1]
cw_bat_config_info      0x000010   0x40  Data  Lc  CW201x.o [1]
cw_bat_init             0x008bcb   0x37  Code  Gb  CW201x.o [1]
cw_bat_work             0x008cc9    0x9  Code  Gb  CW201x.o [1]
cw_get_capacity         0x008a3f   0x52  Code  Gb  CW201x.o [1]
cw_get_vol              0x0085c0   0xc5  Code  Gb  CW201x.o [1]
cw_init                 0x0082c8  0x109  Code  Gb  CW201x.o [1]
cw_por                  0x008938   0x59  Code  Gb  CW201x.o [1]
cw_read                 0x008ad9   0x44  Code  Gb  IIC.o [1]
cw_read_word            0x008875   0x67  Code  Gb  IIC.o [1]
cw_update_config_info   0x0084d2   0xee  Code  Gb  CW201x.o [1]
cw_write                0x008b92   0x39  Code  Gb  IIC.o [1]
delay_10us              0x008685   0x15  Code  Gb  IIC.o [1]
exit                    0x008ec4    0x3  Code  Gb  exit.o [4]
main                    0x008991   0x58  Code  Gb  main.o [1]
r_ack                   0x0086d1   0x1f  Code  Gb  IIC.o [1]
read_byte               0x008c02   0x36  Code  Gb  IIC.o [1]
reset_loop              0x000051    0x1  Data  Gb  CW201x.o [1]
s_ack                   0x00870e   0x19  Code  Gb  IIC.o [1]
set_led                 0x0087ef   0x86  Code  Gb  main.o [1]
sn_ack                  0x008727   0x1d  Code  Gb  IIC.o [1]
start                   0x00869a   0x1b  Code  Gb  IIC.o [1]
stop                    0x0086b5   0x1c  Code  Gb  IIC.o [1]
update_capacity         0x008e01   0x18  Code  Gb  CW201x.o [1]
update_usb_online       0x008cb8   0x11  Code  Gb  CW201x.o [1]
update_vol              0x008ca0   0x18  Code  Gb  CW201x.o [1]
wait_r_ack              0x0086f0   0x1e  Code  Gb  IIC.o [1]
write_byte              0x008b1d   0x3b  Code  Gb  IIC.o [1]


[1] = C:\Users\zwq\Desktop\router\project\Debug\Obj
[2] = command line
[3] = dbgstm8smd.a
[4] = dlstm8smn.a

  3 454 bytes of readonly  code memory
    360 bytes of readonly  data memory
    344 bytes of readwrite data memory

Errors: none
Warnings: none
